ubuntu@ip-172-1-10-150:~$ mysql -h uda-database-1-replica.cfecd0whdbta.us-west-2.rds.amazonaws.com -u admin -p
Enter password: 
Welcome to the MySQL monitor.  Commands end with ; or \g.
Your MySQL connection id is 19
Server version: 8.0.31 Source distribution

Copyright (c) 2000, 2023, Oracle and/or its affiliates.

Oracle is a registered trademark of Oracle Corporation and/or its
affiliates. Other names may be trademarks of their respective
owners.

Type 'help;' or '\h' for help. Type '\c' to clear the current input statement.

mysql> show databases;
+--------------------+
| Database           |
+--------------------+
| information_schema |
| mysql              |
| performance_schema |
| sys                |
| udacity            |
+--------------------+
5 rows in set (0.00 sec)

mysql> use udacity;
Reading table information for completion of table and column names
You can turn off this feature to get a quicker startup with -A

Database changed
mysql> SELECT * FROM users;
+-------+------------------+
| name  | email            |
+-------+------------------+
| chien | chiennh2@fpt.com |
| admin | admin@fpt.com    |
+-------+------------------+
2 rows in set (0.00 sec)

mysql> INSERT INTO users (name,email) VALUES ("readonly_user","readonly@fpt.com");
ERROR 1290 (HY000): The MySQL server is running with the --read-only option so it cannot execute this statement
mysql> SELECT * FROM users;
ERROR 2013 (HY000): Lost connection to MySQL server during query
No connection. Trying to reconnect...
Connection id:    10
Current database: udacity

+-------+------------------+
| name  | email            |
+-------+------------------+
| chien | chiennh2@fpt.com |
| admin | admin@fpt.com    |
+-------+------------------+
2 rows in set (0.16 sec)

mysql> INSERT INTO users (name,email) VALUES ("readonly_user","readonly@fpt.com");
Query OK, 1 row affected (0.01 sec)

mysql> SELECT * FROM users;
+---------------+------------------+
| name          | email            |
+---------------+------------------+
| chien         | chiennh2@fpt.com |
| admin         | admin@fpt.com    |
| readonly_user | readonly@fpt.com |
+---------------+------------------+
3 rows in set (0.00 sec)